0 verbose cli C:\Program Files\nodejs\node.exe C:\Program Files\nodejs\node_modules\npm\bin\npm-cli.js
1 info using npm@11.19.0
2 info using node@v24.20.0
3 silly config load:file:C:\Program Files\nodejs\node_modules\npm\npmrc
4 silly config load:file:C:\Users\adity\Downloads\SIH2k6-projectpulse-portable\.npmrc
5 silly config load:file:C:\Users\adity\.npmrc
6 silly config load:file:C:\Users\adity\AppData\Roaming\npm\etc\npmrc
7 verbose title npm install mongodb
8 verbose argv "install" "mongodb"
9 verbose logfile logs-max:10 dir:C:\Users\adity\Downloads\SIH2k6-projectpulse-portable\.npm-cache\_logs\2026-09-11T14_19_12_997Z-
10 verbose logfile C:\Users\adity\Downloads\SIH2k6-projectpulse-portable\.npm-cache\_logs\2026-09-11T14_19_12_997Z-debug-0.log
11 silly logfile done cleaning log files
12 silly packumentCache heap:4496293888 maxSize:1124073472 maxEntrySize:562036736
13 silly idealTree buildDeps
14 silly fetch manifest mongodb@*
15 silly packumentCache full:https://registry.npmjs.org/mongodb cache-miss
16 verbose shrinkwrap failed to load node_modules/.package-lock.json out of date, updated: node_modules
17 http fetch GET 200 https://registry.npmjs.org/npm 165ms
18 http fetch GET 200 https://registry.npmjs.org/mongodb 182ms (cache miss)
19 silly packumentCache full:https://registry.npmjs.org/mongodb set size:undefined disposed:false
20 silly fetch manifest @aws-sdk/credential-providers@^3.806.0
21 silly packumentCache full:https://registry.npmjs.org/@aws-sdk%2fcredential-providers cache-miss
22 http fetch GET 200 https://registry.npmjs.org/@aws-sdk%2fcredential-providers 101ms (cache miss)
23 silly packumentCache full:https://registry.npmjs.org/@aws-sdk%2fcredential-providers set size:undefined disposed:false
24 silly fetch manifest @mongodb-js/zstd@^7.0.0
25 silly packumentCache full:https://registry.npmjs.org/@mongodb-js%2fzstd cache-miss
26 http fetch GET 200 https://registry.npmjs.org/@mongodb-js%2fzstd 43ms (cache miss)
27 silly packumentCache full:https://registry.npmjs.org/@mongodb-js%2fzstd set size:undefined disposed:false
28 silly fetch manifest gcp-metadata@^7.0.1
29 silly packumentCache full:https://registry.npmjs.org/gcp-metadata cache-miss
30 http fetch GET 200 https://registry.npmjs.org/gcp-metadata 33ms (cache miss)
31 silly packumentCache full:https://registry.npmjs.org/gcp-metadata set size:undefined disposed:false
32 silly fetch manifest kerberos@^7.0.0
33 silly packumentCache full:https://registry.npmjs.org/kerberos cache-miss
34 http fetch GET 200 https://registry.npmjs.org/kerberos 34ms (cache miss)
35 silly packumentCache full:https://registry.npmjs.org/kerberos set size:undefined disposed:false
36 silly fetch manifest mongodb-client-encryption@^7.2.0
37 silly packumentCache full:https://registry.npmjs.org/mongodb-client-encryption cache-miss
38 http fetch GET 200 https://registry.npmjs.org/mongodb-client-encryption 37ms (cache miss)
39 silly packumentCache full:https://registry.npmjs.org/mongodb-client-encryption set size:undefined disposed:false
40 silly fetch manifest snappy@^7.3.2
41 silly packumentCache full:https://registry.npmjs.org/snappy cache-miss
42 http fetch GET 200 https://registry.npmjs.org/snappy 40ms (cache miss)
43 silly packumentCache full:https://registry.npmjs.org/snappy set size:undefined disposed:false
44 silly fetch manifest socks@^2.8.6
45 silly packumentCache full:https://registry.npmjs.org/socks cache-miss
46 http fetch GET 200 https://registry.npmjs.org/socks 38ms (cache miss)
47 silly packumentCache full:https://registry.npmjs.org/socks set size:undefined disposed:false
48 silly placeDep ROOT mongodb@7.6.0 OK for: projectpulse-oversight-dashboard@1.0.0 want: *
49 silly fetch manifest bson@^7.2.0
50 silly packumentCache full:https://registry.npmjs.org/bson cache-miss
51 silly fetch manifest @mongodb-js/saslprep@^1.4.11
52 silly packumentCache full:https://registry.npmjs.org/@mongodb-js%2fsaslprep cache-miss
53 silly fetch manifest mongodb-connection-string-url@^7.0.1
54 silly packumentCache full:https://registry.npmjs.org/mongodb-connection-string-url cache-miss
55 http fetch GET 200 https://registry.npmjs.org/@mongodb-js%2fsaslprep 53ms (cache miss)
56 silly packumentCache full:https://registry.npmjs.org/@mongodb-js%2fsaslprep set size:undefined disposed:false
57 http fetch GET 200 https://registry.npmjs.org/mongodb-connection-string-url 63ms (cache miss)
58 silly packumentCache full:https://registry.npmjs.org/mongodb-connection-string-url set size:undefined disposed:false
59 http fetch GET 200 https://registry.npmjs.org/bson 66ms (cache miss)
60 silly packumentCache full:https://registry.npmjs.org/bson set size:undefined disposed:false
61 silly placeDep ROOT @mongodb-js/saslprep@1.5.4 OK for: mongodb@7.6.0 want: ^1.4.11
62 silly placeDep ROOT bson@7.3.2 OK for: mongodb@7.6.0 want: ^7.2.0
63 silly placeDep ROOT mongodb-connection-string-url@7.0.2 OK for: mongodb@7.6.0 want: ^7.0.1
64 silly fetch manifest sparse-bitfield@^3.0.3
65 silly packumentCache full:https://registry.npmjs.org/sparse-bitfield cache-miss
66 silly fetch manifest whatwg-url@^14.1.0
67 silly packumentCache full:https://registry.npmjs.org/whatwg-url cache-miss
68 silly fetch manifest @types/whatwg-url@^13.0.0
69 silly packumentCache full:https://registry.npmjs.org/@types%2fwhatwg-url cache-miss
70 http fetch GET 200 https://registry.npmjs.org/sparse-bitfield 28ms (cache miss)
71 silly packumentCache full:https://registry.npmjs.org/sparse-bitfield set size:undefined disposed:false
72 http fetch GET 200 https://registry.npmjs.org/@types%2fwhatwg-url 46ms (cache miss)
73 silly packumentCache full:https://registry.npmjs.org/@types%2fwhatwg-url set size:undefined disposed:false
74 http fetch GET 200 https://registry.npmjs.org/whatwg-url 273ms (cache miss)
75 silly packumentCache full:https://registry.npmjs.org/whatwg-url set size:undefined disposed:false
76 silly placeDep ROOT sparse-bitfield@3.0.3 OK for: @mongodb-js/saslprep@1.5.4 want: ^3.0.3
77 silly fetch manifest memory-pager@^1.0.2
78 silly packumentCache full:https://registry.npmjs.org/memory-pager cache-miss
79 http fetch GET 200 https://registry.npmjs.org/memory-pager 26ms (cache miss)
80 silly packumentCache full:https://registry.npmjs.org/memory-pager set size:undefined disposed:false
81 silly placeDep ROOT @types/whatwg-url@13.0.0 OK for: mongodb-connection-string-url@7.0.2 want: ^13.0.0
82 silly placeDep ROOT whatwg-url@14.2.0 OK for: mongodb-connection-string-url@7.0.2 want: ^14.1.0
83 silly fetch manifest @types/webidl-conversions@*
84 silly packumentCache full:https://registry.npmjs.org/@types%2fwebidl-conversions cache-miss
85 silly fetch manifest tr46@^5.1.0
86 silly packumentCache full:https://registry.npmjs.org/tr46 cache-miss
87 silly fetch manifest webidl-conversions@^7.0.0
88 silly packumentCache full:https://registry.npmjs.org/webidl-conversions cache-miss
89 http fetch GET 200 https://registry.npmjs.org/tr46 26ms (cache miss)
90 silly packumentCache full:https://registry.npmjs.org/tr46 set size:undefined disposed:false
91 http fetch GET 200 https://registry.npmjs.org/webidl-conversions 27ms (cache miss)
92 silly packumentCache full:https://registry.npmjs.org/webidl-conversions set size:undefined disposed:false
93 http fetch GET 200 https://registry.npmjs.org/@types%2fwebidl-conversions 38ms (cache miss)
94 silly packumentCache full:https://registry.npmjs.org/@types%2fwebidl-conversions set size:undefined disposed:false
95 silly placeDep ROOT @types/webidl-conversions@7.0.3 OK for: @types/whatwg-url@13.0.0 want: *
96 silly placeDep ROOT memory-pager@1.5.0 OK for: sparse-bitfield@3.0.3 want: ^1.0.2
97 silly placeDep ROOT tr46@5.1.1 OK for: whatwg-url@14.2.0 want: ^5.1.0
98 silly placeDep ROOT webidl-conversions@7.0.0 OK for: whatwg-url@14.2.0 want: ^7.0.0
99 silly fetch manifest punycode@^2.3.1
100 silly packumentCache full:https://registry.npmjs.org/punycode cache-miss
101 http fetch GET 200 https://registry.npmjs.org/punycode 29ms (cache miss)
102 silly packumentCache full:https://registry.npmjs.org/punycode set size:undefined disposed:false
103 silly placeDep ROOT punycode@2.3.1 OK for: tr46@5.1.1 want: ^2.3.1
104 silly reify moves {}
105 silly audit bulk request {
105 silly audit   '@babel/code-frame': [ '7.29.7' ],
105 silly audit   '@babel/compat-data': [ '7.29.7' ],
105 silly audit   '@babel/core': [ '7.29.7' ],
105 silly audit   '@babel/generator': [ '7.29.8' ],
105 silly audit   '@babel/helper-compilation-targets': [ '7.29.7' ],
105 silly audit   '@babel/helper-globals': [ '7.29.7' ],
105 silly audit   '@babel/helper-module-imports': [ '7.29.7' ],
105 silly audit   '@babel/helper-module-transforms': [ '7.29.7' ],
105 silly audit   '@babel/helper-plugin-utils': [ '7.29.7' ],
105 silly audit   '@babel/helper-string-parser': [ '7.29.7' ],
105 silly audit   '@babel/helper-validator-identifier': [ '7.29.7' ],
105 silly audit   '@babel/helper-validator-option': [ '7.29.7' ],
105 silly audit   '@babel/helpers': [ '7.29.7' ],
105 silly audit   '@babel/parser': [ '7.29.8' ],
105 silly audit   '@babel/plugin-transform-react-jsx-self': [ '7.29.7' ],
105 silly audit   '@babel/plugin-transform-react-jsx-source': [ '7.29.7' ],
105 silly audit   '@babel/template': [ '7.29.7' ],
105 silly audit   '@babel/traverse': [ '7.29.8' ],
105 silly audit   '@babel/types': [ '7.29.8' ],
105 silly audit   '@esbuild/aix-ppc64': [ '0.25.12' ],
105 silly audit   '@esbuild/android-arm': [ '0.25.12' ],
105 silly audit   '@esbuild/android-arm64': [ '0.25.12' ],
105 silly audit   '@esbuild/android-x64': [ '0.25.12' ],
105 silly audit   '@esbuild/darwin-arm64': [ '0.25.12' ],
105 silly audit   '@esbuild/darwin-x64': [ '0.25.12' ],
105 silly audit   '@esbuild/freebsd-arm64': [ '0.25.12' ],
105 silly audit   '@esbuild/freebsd-x64': [ '0.25.12' ],
105 silly audit   '@esbuild/linux-arm': [ '0.25.12' ],
105 silly audit   '@esbuild/linux-arm64': [ '0.25.12' ],
105 silly audit   '@esbuild/linux-ia32': [ '0.25.12' ],
105 silly audit   '@esbuild/linux-loong64': [ '0.25.12' ],
105 silly audit   '@esbuild/linux-mips64el': [ '0.25.12' ],
105 silly audit   '@esbuild/linux-ppc64': [ '0.25.12' ],
105 silly audit   '@esbuild/linux-riscv64': [ '0.25.12' ],
105 silly audit   '@esbuild/linux-s390x': [ '0.25.12' ],
105 silly audit   '@esbuild/linux-x64': [ '0.25.12' ],
105 silly audit   '@esbuild/netbsd-arm64': [ '0.25.12' ],
105 silly audit   '@esbuild/netbsd-x64': [ '0.25.12' ],
105 silly audit   '@esbuild/openbsd-arm64': [ '0.25.12' ],
105 silly audit   '@esbuild/openbsd-x64': [ '0.25.12' ],
105 silly audit   '@esbuild/openharmony-arm64': [ '0.25.12' ],
105 silly audit   '@esbuild/sunos-x64': [ '0.25.12' ],
105 silly audit   '@esbuild/win32-arm64': [ '0.25.12' ],
105 silly audit   '@esbuild/win32-ia32': [ '0.25.12' ],
105 silly audit   '@esbuild/win32-x64': [ '0.25.12' ],
105 silly audit   '@jridgewell/gen-mapping': [ '0.3.13' ],
105 silly audit   '@jridgewell/remapping': [ '2.3.5' ],
105 silly audit   '@jridgewell/resolve-uri': [ '3.1.2' ],
105 silly audit   '@jridgewell/sourcemap-codec': [ '1.6.0' ],
105 silly audit   '@jridgewell/trace-mapping': [ '0.3.31' ],
105 silly audit   '@napi-rs/lzma-linux-x64-gnu': [ '1.5.1' ],
105 silly audit   '@rolldown/pluginutils': [ '1.0.0-beta.27' ],
105 silly audit   '@rollup/rollup-android-arm-eabi': [ '4.63.1' ],
105 silly audit   '@rollup/rollup-android-arm64': [ '4.63.1' ],
105 silly audit   '@rollup/rollup-darwin-arm64': [ '4.63.1' ],
105 silly audit   '@rollup/rollup-darwin-x64': [ '4.63.1' ],
105 silly audit   '@rollup/rollup-freebsd-arm64': [ '4.63.1' ],
105 silly audit   '@rollup/rollup-freebsd-x64': [ '4.63.1' ],
105 silly audit   '@rollup/rollup-linux-arm-gnueabihf': [ '4.63.1' ],
105 silly audit   '@rollup/rollup-linux-arm-musleabihf': [ '4.63.1' ],
105 silly audit   '@rollup/rollup-linux-arm64-gnu': [ '4.63.1' ],
105 silly audit   '@rollup/rollup-linux-arm64-musl': [ '4.63.1' ],
105 silly audit   '@rollup/rollup-linux-loong64-gnu': [ '4.63.1' ],
105 silly audit   '@rollup/rollup-linux-loong64-musl': [ '4.63.1' ],
105 silly audit   '@rollup/rollup-linux-ppc64-gnu': [ '4.63.1' ],
105 silly audit   '@rollup/rollup-linux-ppc64-musl': [ '4.63.1' ],
105 silly audit   '@rollup/rollup-linux-riscv64-gnu': [ '4.63.1' ],
105 silly audit   '@rollup/rollup-linux-riscv64-musl': [ '4.63.1' ],
105 silly audit   '@rollup/rollup-linux-s390x-gnu': [ '4.63.1' ],
105 silly audit   '@rollup/rollup-linux-x64-gnu': [ '4.63.1' ],
105 silly audit   '@rollup/rollup-linux-x64-musl': [ '4.63.1' ],
105 silly audit   '@rollup/rollup-openbsd-x64': [ '4.63.1' ],
105 silly audit   '@rollup/rollup-openharmony-arm64': [ '4.63.1' ],
105 silly audit   '@rollup/rollup-win32-arm64-msvc': [ '4.63.1' ],
105 silly audit   '@rollup/rollup-win32-ia32-msvc': [ '4.63.1' ],
105 silly audit   '@rollup/rollup-win32-x64-gnu': [ '4.63.1' ],
105 silly audit   '@rollup/rollup-win32-x64-msvc': [ '4.63.1' ],
105 silly audit   '@tailwindcss/node': [ '4.3.3' ],
105 silly audit   '@tailwindcss/oxide': [ '4.3.3' ],
105 silly audit   '@tailwindcss/oxide-android-arm64': [ '4.3.3' ],
105 silly audit   '@tailwindcss/oxide-darwin-arm64': [ '4.3.3' ],
105 silly audit   '@tailwindcss/oxide-darwin-x64': [ '4.3.3' ],
105 silly audit   '@tailwindcss/oxide-freebsd-x64': [ '4.3.3' ],
105 silly audit   '@tailwindcss/oxide-linux-arm-gnueabihf': [ '4.3.3' ],
105 silly audit   '@tailwindcss/oxide-linux-arm64-gnu': [ '4.3.3' ],
105 silly audit   '@tailwindcss/oxide-linux-arm64-musl': [ '4.3.3' ],
105 silly audit   '@tailwindcss/oxide-linux-x64-gnu': [ '4.3.3' ],
105 silly audit   '@tailwindcss/oxide-linux-x64-musl': [ '4.3.3' ],
105 silly audit   '@tailwindcss/oxide-wasm32-wasi': [ '4.3.3' ],
105 silly audit   '@tailwindcss/oxide-win32-arm64-msvc': [ '4.3.3' ],
105 silly audit   '@tailwindcss/oxide-win32-x64-msvc': [ '4.3.3' ],
105 silly audit   '@tailwindcss/vite': [ '4.3.3' ],
105 silly audit   '@types/babel__core': [ '7.20.5' ],
105 silly audit   '@types/babel__generator': [ '7.27.0' ],
105 silly audit   '@types/babel__template': [ '7.4.4' ],
105 silly audit   '@types/babel__traverse': [ '7.28.0' ],
105 silly audit   '@types/estree': [ '1.0.9' ],
105 silly audit   '@vitejs/plugin-react': [ '4.7.0' ],
105 silly audit   accepts: [ '2.0.0' ],
105 silly audit   'baseline-browser-mapping': [ '2.11.21' ],
105 silly audit   bcryptjs: [ '3.0.3' ],
105 silly audit   'body-parser': [ '2.3.0' ],
105 silly audit   'content-type': [ '2.1.0', '1.0.5' ],
105 silly audit   browserslist: [ '4.28.9' ],
105 silly audit   'buffer-equal-constant-time': [ '1.0.1' ],
105 silly audit   bytes: [ '3.1.2' ],
105 silly audit   'call-bind-apply-helpers': [ '1.0.2' ],
105 silly audit   'call-bound': [ '1.0.4' ],
105 silly audit   'caniuse-lite': [ '1.0.30001810' ],
105 silly audit   'content-disposition': [ '1.1.0' ],
105 silly audit   'convert-source-map': [ '2.0.0' ],
105 silly audit   cookie: [ '1.1.1', '0.7.2' ],
105 silly audit   'cookie-signature': [ '1.2.2' ],
105 silly audit   cors: [ '2.8.6' ],
105 silly audit   debug: [ '4.4.3' ],
105 silly audit   depd: [ '2.0.0' ],
105 silly audit   'detect-libc': [ '2.1.2' ],
105 silly audit   dotenv: [ '17.4.2' ],
105 silly audit   'dunder-proto': [ '1.0.1' ],
105 silly audit   'ecdsa-sig-formatter': [ '1.0.11' ],
105 silly audit   'ee-first': [ '1.1.1' ],
105 silly audit   'electron-to-chromium': [ '1.5.423' ],
105 silly audit   encodeurl: [ '2.0.0' ],
105 silly audit   'enhanced-resolve': [ '5.24.5' ],
105 silly audit   'es-define-property': [ '1.0.1' ],
105 silly audit   'es-errors': [ '1.3.0' ],
105 silly audit   'es-object-atoms': [ '1.1.2' ],
105 silly audit   esbuild: [ '0.25.12' ],
105 silly audit   escalade: [ '3.2.0' ],
105 silly audit   'escape-html': [ '1.0.3' ],
105 silly audit   etag: [ '1.8.1' ],
105 silly audit   express: [ '5.2.1' ],
105 silly audit   fdir: [ '6.5.0' ],
105 silly audit   finalhandler: [ '2.1.1' ],
105 silly audit   forwarded: [ '0.2.0' ],
105 silly audit   fresh: [ '2.0.0' ],
105 silly audit   fsevents: [ '2.3.3' ],
105 silly audit   'function-bind': [ '1.1.2' ],
105 silly audit   gensync: [ '1.0.0-beta.2' ],
105 silly audit   'get-intrinsic': [ '1.3.0' ],
105 silly audit   'get-proto': [ '1.0.1' ],
105 silly audit   gopd: [ '1.2.0' ],
105 silly audit   'graceful-fs': [ '4.2.11' ],
105 silly audit   'has-symbols': [ '1.1.0' ],
105 silly audit   hasown: [ '2.0.4' ],
105 silly audit   'http-errors': [ '2.0.1' ],
105 silly audit   'iconv-lite': [ '0.7.3' ],
105 silly audit   inherits: [ '2.0.4' ],
105 silly audit   'ipaddr.js': [ '1.9.1' ],
105 silly audit   'is-promise': [ '4.0.0' ],
105 silly audit   jiti: [ '2.7.0' ],
105 silly audit   'js-tokens': [ '4.0.0' ],
105 silly audit   jsesc: [ '3.1.0' ],
105 silly audit   json5: [ '2.2.3' ],
105 silly audit   jsonwebtoken: [ '9.0.3' ],
105 silly audit   semver: [ '7.8.5', '6.3.1' ],
105 silly audit   jwa: [ '2.0.1' ],
105 silly audit   jws: [ '4.0.1' ],
105 silly audit   lightningcss: [ '1.32.0' ],
105 silly audit   'lightningcss-android-arm64': [ '1.32.0' ],
105 silly audit   'lightningcss-darwin-arm64': [ '1.32.0' ],
105 silly audit   'lightningcss-darwin-x64': [ '1.32.0' ],
105 silly audit   'lightningcss-freebsd-x64': [ '1.32.0' ],
105 silly audit   'lightningcss-linux-arm-gnueabihf': [ '1.32.0' ],
105 silly audit   'lightningcss-linux-arm64-gnu': [ '1.32.0' ],
105 silly audit   'lightningcss-linux-arm64-musl': [ '1.32.0' ],
105 silly audit   'lightningcss-linux-x64-gnu': [ '1.32.0' ],
105 silly audit   'lightningcss-linux-x64-musl': [ '1.32.0' ],
105 silly audit   'lightningcss-win32-arm64-msvc': [ '1.32.0' ],
105 silly audit   'lightningcss-win32-x64-msvc': [ '1.32.0' ],
105 silly audit   'lodash.includes': [ '4.3.0' ],
105 silly audit   'lodash.isboolean': [ '3.0.3' ],
105 silly audit   'lodash.isinteger': [ '4.0.4' ],
105 silly audit   'lodash.isnumber': [ '3.0.3' ],
105 silly audit   'lodash.isplainobject': [ '4.0.6' ],
105 silly audit   'lodash.isstring': [ '4.0.1' ],
105 silly audit   'lodash.once': [ '4.1.1' ],
105 silly audit   'loose-envify': [ '1.4.0' ],
105 silly audit   'lru-cache': [ '5.1.1' ],
105 silly audit   'lucide-react': [ '0.468.0' ],
105 silly audit   'magic-string': [ '0.30.21' ],
105 silly audit   'math-intrinsics': [ '1.1.0' ],
105 silly audit   'media-typer': [ '1.1.1' ],
105 silly audit   'merge-descriptors': [ '2.0.0' ],
105 silly audit   'mime-db': [ '1.54.0' ],
105 silly audit   'mime-types': [ '3.0.2' ],
105 silly audit   ms: [ '2.1.3' ],
105 silly audit   nanoid: [ '3.3.18' ],
105 silly audit   negotiator: [ '1.1.0' ],
105 silly audit   'node-releases': [ '2.0.54' ],
105 silly audit   'object-assign': [ '4.1.1' ],
105 silly audit   'object-inspect': [ '1.13.4' ],
105 silly audit   'on-finished': [ '2.4.1' ],
105 silly audit   once: [ '1.4.0' ],
105 silly audit   parseurl: [ '1.3.3' ],
105 silly audit   'path-to-regexp': [ '8.4.2' ],
105 silly audit   pg: [ '8.23.0' ],
105 silly audit   'pg-cloudflare': [ '1.4.0' ],
105 silly audit   'pg-connection-string': [ '2.14.0' ],
105 silly audit   'pg-int8': [ '1.0.1' ],
105 silly audit   'pg-pool': [ '3.14.0' ],
105 silly audit   'pg-protocol': [ '1.16.0' ],
105 silly audit   'pg-types': [ '2.2.0' ],
105 silly audit   pgpass: [ '1.0.5' ],
105 silly audit   picocolors: [ '1.1.1' ],
105 silly audit   picomatch: [ '4.0.7' ],
105 silly audit   postcss: [ '8.5.28' ],
105 silly audit   'postgres-array': [ '2.0.0' ],
105 silly audit   'postgres-bytea': [ '1.0.1' ],
105 silly audit   'postgres-date': [ '1.0.7' ],
105 silly audit   'postgres-interval': [ '1.2.0' ],
105 silly audit   'proxy-addr': [ '2.0.7' ],
105 silly audit   qs: [ '6.16.0' ],
105 silly audit   'range-parser': [ '1.3.0' ],
105 silly audit   'raw-body': [ '3.0.2' ],
105 silly audit   react: [ '18.3.1' ],
105 silly audit   'react-dom': [ '18.3.1' ],
105 silly audit   'react-refresh': [ '0.17.0' ],
105 silly audit   'react-router': [ '7.18.3' ],
105 silly audit   'react-router-dom': [ '7.18.3' ],
105 silly audit   rollup: [ '4.63.1' ],
105 silly audit   router: [ '2.2.0' ],
105 silly audit   'safe-buffer': [ '5.2.1' ],
105 silly audit   'safer-buffer': [ '2.1.2' ],
105 silly audit   scheduler: [ '0.23.2' ],
105 silly audit   send: [ '1.2.1' ],
105 silly audit   'serve-static': [ '2.2.1' ],
105 silly audit   'set-cookie-parser': [ '2.7.2' ],
105 silly audit   setprototypeof: [ '1.2.0' ],
105 silly audit   'side-channel': [ '1.1.1' ],
105 silly audit   'side-channel-list': [ '1.0.1' ],
105 silly audit   'side-channel-map': [ '1.0.1' ],
105 silly audit   'side-channel-weakmap': [ '1.0.2' ],
105 silly audit   'source-map-js': [ '1.2.1' ],
105 silly audit   split2: [ '4.2.0' ],
105 silly audit   statuses: [ '2.0.2' ],
105 silly audit   tailwindcss: [ '4.3.3' ],
105 silly audit   tapable: [ '2.3.3' ],
105 silly audit   tinyglobby: [ '0.2.17' ],
105 silly audit   toidentifier: [ '1.0.1' ],
105 silly audit   'type-is': [ '2.1.0' ],
105 silly audit   unpipe: [ '1.0.0' ],
105 silly audit   'update-browserslist-db': [ '1.3.2' ],
105 silly audit   uuid: [ '14.0.2' ],
105 silly audit   vary: [ '1.1.2' ],
105 silly audit   vite: [ '6.4.3' ],
105 silly audit   wrappy: [ '1.0.2' ],
105 silly audit   xtend: [ '4.0.2' ],
105 silly audit   yallist: [ '3.1.1' ],
105 silly audit   mongodb: [ '7.6.0' ],
105 silly audit   '@mongodb-js/saslprep': [ '1.5.4' ],
105 silly audit   bson: [ '7.3.2' ],
105 silly audit   'mongodb-connection-string-url': [ '7.0.2' ],
105 silly audit   'sparse-bitfield': [ '3.0.3' ],
105 silly audit   '@types/whatwg-url': [ '13.0.0' ],
105 silly audit   'whatwg-url': [ '14.2.0' ],
105 silly audit   '@types/webidl-conversions': [ '7.0.3' ],
105 silly audit   'memory-pager': [ '1.5.0' ],
105 silly audit   tr46: [ '5.1.1' ],
105 silly audit   'webidl-conversions': [ '7.0.0' ],
105 silly audit   punycode: [ '2.3.1' ]
105 silly audit }
106 http cache @types/webidl-conversions@https://registry.npmjs.org/@types/webidl-conversions/-/webidl-conversions-7.0.3.tgz 0ms (cache hit)
107 http cache @types/whatwg-url@https://registry.npmjs.org/@types/whatwg-url/-/whatwg-url-13.0.0.tgz 0ms (cache hit)
108 http cache memory-pager@https://registry.npmjs.org/memory-pager/-/memory-pager-1.5.0.tgz 0ms (cache hit)
109 http cache punycode@https://registry.npmjs.org/punycode/-/punycode-2.3.1.tgz 0ms (cache hit)
110 http cache webidl-conversions@https://registry.npmjs.org/webidl-conversions/-/webidl-conversions-7.0.0.tgz 0ms (cache hit)
111 http cache tr46@https://registry.npmjs.org/tr46/-/tr46-5.1.1.tgz 0ms (cache hit)
112 http cache whatwg-url@https://registry.npmjs.org/whatwg-url/-/whatwg-url-14.2.0.tgz 0ms (cache hit)
113 http cache mongodb-connection-string-url@https://registry.npmjs.org/mongodb-connection-string-url/-/mongodb-connection-string-url-7.0.2.tgz 0ms (cache hit)
114 http cache @mongodb-js/saslprep@https://registry.npmjs.org/@mongodb-js/saslprep/-/saslprep-1.5.4.tgz 0ms (cache hit)
115 silly tarball no local data for @types/webidl-conversions@https://registry.npmjs.org/@types/webidl-conversions/-/webidl-conversions-7.0.3.tgz. Extracting by manifest.
116 http cache sparse-bitfield@https://registry.npmjs.org/sparse-bitfield/-/sparse-bitfield-3.0.3.tgz 0ms (cache hit)
117 http cache bson@https://registry.npmjs.org/bson/-/bson-7.3.2.tgz 0ms (cache hit)
118 silly tarball no local data for @types/whatwg-url@https://registry.npmjs.org/@types/whatwg-url/-/whatwg-url-13.0.0.tgz. Extracting by manifest.
119 silly tarball no local data for memory-pager@https://registry.npmjs.org/memory-pager/-/memory-pager-1.5.0.tgz. Extracting by manifest.
120 silly tarball no local data for punycode@https://registry.npmjs.org/punycode/-/punycode-2.3.1.tgz. Extracting by manifest.
121 silly tarball no local data for webidl-conversions@https://registry.npmjs.org/webidl-conversions/-/webidl-conversions-7.0.0.tgz. Extracting by manifest.
122 silly tarball no local data for tr46@https://registry.npmjs.org/tr46/-/tr46-5.1.1.tgz. Extracting by manifest.
123 silly tarball no local data for whatwg-url@https://registry.npmjs.org/whatwg-url/-/whatwg-url-14.2.0.tgz. Extracting by manifest.
124 http cache mongodb@https://registry.npmjs.org/mongodb/-/mongodb-7.6.0.tgz 0ms (cache hit)
125 silly tarball no local data for mongodb-connection-string-url@https://registry.npmjs.org/mongodb-connection-string-url/-/mongodb-connection-string-url-7.0.2.tgz. Extracting by manifest.
126 silly tarball no local data for @mongodb-js/saslprep@https://registry.npmjs.org/@mongodb-js/saslprep/-/saslprep-1.5.4.tgz. Extracting by manifest.
127 silly tarball no local data for sparse-bitfield@https://registry.npmjs.org/sparse-bitfield/-/sparse-bitfield-3.0.3.tgz. Extracting by manifest.
128 silly tarball no local data for bson@https://registry.npmjs.org/bson/-/bson-7.3.2.tgz. Extracting by manifest.
129 silly tarball no local data for mongodb@https://registry.npmjs.org/mongodb/-/mongodb-7.6.0.tgz. Extracting by manifest.
130 http fetch GET 200 https://registry.npmjs.org/@types/webidl-conversions/-/webidl-conversions-7.0.3.tgz 53ms (cache miss)
131 http fetch GET 200 https://registry.npmjs.org/@types/whatwg-url/-/whatwg-url-13.0.0.tgz 64ms (cache miss)
132 http fetch GET 200 https://registry.npmjs.org/memory-pager/-/memory-pager-1.5.0.tgz 66ms (cache miss)
133 http fetch GET 200 https://registry.npmjs.org/webidl-conversions/-/webidl-conversions-7.0.0.tgz 69ms (cache miss)
134 http fetch GET 200 https://registry.npmjs.org/punycode/-/punycode-2.3.1.tgz 102ms (cache miss)
135 http fetch GET 200 https://registry.npmjs.org/sparse-bitfield/-/sparse-bitfield-3.0.3.tgz 101ms (cache miss)
136 http fetch GET 200 https://registry.npmjs.org/mongodb-connection-string-url/-/mongodb-connection-string-url-7.0.2.tgz 116ms (cache miss)
137 http fetch GET 200 https://registry.npmjs.org/tr46/-/tr46-5.1.1.tgz 128ms (cache miss)
138 http fetch GET 200 https://registry.npmjs.org/whatwg-url/-/whatwg-url-14.2.0.tgz 128ms (cache miss)
139 http fetch GET 200 https://registry.npmjs.org/@mongodb-js/saslprep/-/saslprep-1.5.4.tgz 159ms (cache miss)
140 http fetch POST 200 https://registry.npmjs.org/-/npm/v1/security/advisories/bulk 269ms
141 silly audit report {}
142 http fetch GET 200 https://registry.npmjs.org/bson/-/bson-7.3.2.tgz 352ms (cache miss)
143 http fetch GET 200 https://registry.npmjs.org/mongodb/-/mongodb-7.6.0.tgz 1647ms (cache miss)
144 silly ADD node_modules/punycode
145 silly ADD node_modules/webidl-conversions
146 silly ADD node_modules/tr46
147 silly ADD node_modules/memory-pager
148 silly ADD node_modules/@types/webidl-conversions
149 silly ADD node_modules/whatwg-url
150 silly ADD node_modules/@types/whatwg-url
151 silly ADD node_modules/sparse-bitfield
152 silly ADD node_modules/mongodb-connection-string-url
153 silly ADD node_modules/bson
154 silly ADD node_modules/@mongodb-js/saslprep
155 silly ADD node_modules/mongodb
156 warn install-scripts 1 package has install scripts not yet covered by allowScripts:
156 warn install-scripts   esbuild@0.25.12 (postinstall: node install.js)
156 warn install-scripts
156 warn install-scripts Run `npm install-scripts ls` to review, or `npm install-scripts approve <pkg>` to allow.
157 verbose cwd C:\Users\adity\Downloads\SIH2k6-projectpulse-portable
158 verbose os Windows_NT 10.0.26200
159 verbose node v24.20.0
160 verbose npm  v11.19.0
161 notice
161 notice New major version of npm available! 11.19.0 -> 12.0.2
161 notice Changelog: https://github.com/npm/cli/releases/tag/v12.0.2
161 notice To update run: npm install -g npm@12.0.2
161 notice  { force: true, Symbol(proc-log.meta): true }
162 verbose exit 0
163 info ok
