0 verbose cli C:\Program Files\nodejs\node.exe C:\Program Files\nodejs\node_modules\npm\bin\npm-cli.js
1 info using npm@11.19.0
2 info using node@v24.20.0
3 silly config load:file:C:\Program Files\nodejs\node_modules\npm\npmrc
4 silly config load:file:C:\Users\adity\Downloads\SIH2k6-projectpulse-portable\.npmrc
5 silly config load:file:C:\Users\adity\.npmrc
6 silly config load:file:C:\Users\adity\AppData\Roaming\npm\etc\npmrc
7 verbose title npm install pdfkit
8 verbose argv "install" "pdfkit"
9 verbose logfile logs-max:10 dir:C:\Users\adity\Downloads\SIH2k6-projectpulse-portable\.npm-cache\_logs\2026-09-12T08_38_01_655Z-
10 verbose logfile C:\Users\adity\Downloads\SIH2k6-projectpulse-portable\.npm-cache\_logs\2026-09-12T08_38_01_655Z-debug-0.log
11 silly logfile done cleaning log files
12 silly packumentCache heap:4496293888 maxSize:1124073472 maxEntrySize:562036736
13 silly idealTree buildDeps
14 silly fetch manifest pdfkit@*
15 silly packumentCache full:https://registry.npmjs.org/pdfkit cache-miss
16 http fetch GET 200 https://registry.npmjs.org/pdfkit 194ms (cache miss)
17 silly packumentCache full:https://registry.npmjs.org/pdfkit set size:undefined disposed:false
18 silly placeDep ROOT pdfkit@0.20.2 OK for: projectpulse-oversight-dashboard@1.0.0 want: *
19 silly fetch manifest fflate@^0.8.3
20 silly packumentCache full:https://registry.npmjs.org/fflate cache-miss
21 silly fetch manifest png-js@^2.0.0
22 silly packumentCache full:https://registry.npmjs.org/png-js cache-miss
23 silly fetch manifest fontkit@^2.0.4
24 silly packumentCache full:https://registry.npmjs.org/fontkit cache-miss
25 silly fetch manifest linebreak@^1.1.0
26 silly packumentCache full:https://registry.npmjs.org/linebreak cache-miss
27 silly fetch manifest @noble/hashes@^1.8.0
28 silly packumentCache full:https://registry.npmjs.org/@noble%2fhashes cache-miss
29 silly fetch manifest @noble/ciphers@^1.3.0
30 silly packumentCache full:https://registry.npmjs.org/@noble%2fciphers cache-miss
31 http fetch GET 200 https://registry.npmjs.org/fflate 99ms (cache miss)
32 silly packumentCache full:https://registry.npmjs.org/fflate set size:undefined disposed:false
33 http fetch GET 200 https://registry.npmjs.org/linebreak 119ms (cache miss)
34 silly packumentCache full:https://registry.npmjs.org/linebreak set size:undefined disposed:false
35 http fetch GET 200 https://registry.npmjs.org/fontkit 132ms (cache miss)
36 silly packumentCache full:https://registry.npmjs.org/fontkit set size:undefined disposed:false
37 http fetch GET 200 https://registry.npmjs.org/@noble%2fhashes 150ms (cache miss)
38 silly packumentCache full:https://registry.npmjs.org/@noble%2fhashes set size:undefined disposed:false
39 http fetch GET 200 https://registry.npmjs.org/png-js 539ms (cache miss)
40 silly packumentCache full:https://registry.npmjs.org/png-js set size:undefined disposed:false
41 http fetch GET 200 https://registry.npmjs.org/@noble%2fciphers 643ms (cache miss)
42 silly packumentCache full:https://registry.npmjs.org/@noble%2fciphers set size:undefined disposed:false
43 silly placeDep ROOT @noble/ciphers@1.3.0 OK for: pdfkit@0.20.2 want: ^1.3.0
44 silly placeDep ROOT @noble/hashes@1.8.0 OK for: pdfkit@0.20.2 want: ^1.8.0
45 silly placeDep ROOT fflate@0.8.3 OK for: pdfkit@0.20.2 want: ^0.8.3
46 silly placeDep ROOT fontkit@2.0.4 OK for: pdfkit@0.20.2 want: ^2.0.4
47 silly placeDep ROOT linebreak@1.1.0 OK for: pdfkit@0.20.2 want: ^1.1.0
48 silly placeDep ROOT png-js@2.0.0 OK for: pdfkit@0.20.2 want: ^2.0.0
49 silly fetch manifest @swc/helpers@^0.5.12
50 silly packumentCache full:https://registry.npmjs.org/@swc%2fhelpers cache-miss
51 silly fetch manifest brotli@^1.3.2
52 silly packumentCache full:https://registry.npmjs.org/brotli cache-miss
53 silly fetch manifest clone@^2.1.2
54 silly packumentCache full:https://registry.npmjs.org/clone cache-miss
55 silly fetch manifest dfa@^1.2.0
56 silly packumentCache full:https://registry.npmjs.org/dfa cache-miss
57 silly fetch manifest fast-deep-equal@^3.1.3
58 silly packumentCache full:https://registry.npmjs.org/fast-deep-equal cache-miss
59 silly fetch manifest restructure@^3.0.0
60 silly packumentCache full:https://registry.npmjs.org/restructure cache-miss
61 silly fetch manifest tiny-inflate@^1.0.3
62 silly packumentCache full:https://registry.npmjs.org/tiny-inflate cache-miss
63 silly fetch manifest unicode-properties@^1.4.0
64 silly packumentCache full:https://registry.npmjs.org/unicode-properties cache-miss
65 silly fetch manifest unicode-trie@^2.0.0
66 silly packumentCache full:https://registry.npmjs.org/unicode-trie cache-miss
67 silly fetch manifest base64-js@0.0.8
68 silly packumentCache full:https://registry.npmjs.org/base64-js cache-miss
69 silly fetch manifest unicode-trie@^2.0.0
70 silly packumentCache full:https://registry.npmjs.org/unicode-trie cache-miss
71 http fetch GET 200 https://registry.npmjs.org/dfa 111ms (cache miss)
72 silly packumentCache full:https://registry.npmjs.org/dfa set size:undefined disposed:false
73 http fetch GET 200 https://registry.npmjs.org/brotli 116ms (cache miss)
74 silly packumentCache full:https://registry.npmjs.org/brotli set size:undefined disposed:false
75 http fetch GET 200 https://registry.npmjs.org/clone 115ms (cache miss)
76 silly packumentCache full:https://registry.npmjs.org/clone set size:undefined disposed:false
77 http fetch GET 200 https://registry.npmjs.org/fast-deep-equal 117ms (cache miss)
78 silly packumentCache full:https://registry.npmjs.org/fast-deep-equal set size:undefined disposed:false
79 http fetch GET 200 https://registry.npmjs.org/restructure 122ms (cache miss)
80 silly packumentCache full:https://registry.npmjs.org/restructure set size:undefined disposed:false
81 http fetch GET 200 https://registry.npmjs.org/unicode-properties 125ms (cache miss)
82 silly packumentCache full:https://registry.npmjs.org/unicode-properties set size:undefined disposed:false
83 http fetch GET 200 https://registry.npmjs.org/tiny-inflate 127ms (cache miss)
84 silly packumentCache full:https://registry.npmjs.org/tiny-inflate set size:undefined disposed:false
85 http fetch GET 200 https://registry.npmjs.org/unicode-trie 127ms (cache miss)
86 silly packumentCache full:https://registry.npmjs.org/unicode-trie set size:undefined disposed:false
87 http fetch GET 200 https://registry.npmjs.org/unicode-trie 131ms (cache miss)
88 silly packumentCache full:https://registry.npmjs.org/unicode-trie set size:undefined disposed:false
89 http fetch GET 200 https://registry.npmjs.org/base64-js 135ms (cache miss)
90 silly packumentCache full:https://registry.npmjs.org/base64-js set size:undefined disposed:false
91 http fetch GET 200 https://registry.npmjs.org/@swc%2fhelpers 151ms (cache miss)
92 silly packumentCache full:https://registry.npmjs.org/@swc%2fhelpers set size:undefined disposed:false
93 silly placeDep ROOT @swc/helpers@0.5.23 OK for: fontkit@2.0.4 want: ^0.5.12
94 silly placeDep ROOT brotli@1.3.3 OK for: fontkit@2.0.4 want: ^1.3.2
95 silly placeDep ROOT clone@2.1.2 OK for: fontkit@2.0.4 want: ^2.1.2
96 silly placeDep ROOT dfa@1.2.0 OK for: fontkit@2.0.4 want: ^1.2.0
97 silly placeDep ROOT fast-deep-equal@3.1.3 OK for: fontkit@2.0.4 want: ^3.1.3
98 silly placeDep ROOT restructure@3.0.2 OK for: fontkit@2.0.4 want: ^3.0.0
99 silly placeDep ROOT tiny-inflate@1.0.3 OK for: fontkit@2.0.4 want: ^1.0.3
100 silly placeDep ROOT unicode-properties@1.4.1 OK for: fontkit@2.0.4 want: ^1.4.0
101 silly placeDep ROOT unicode-trie@2.0.0 OK for: fontkit@2.0.4 want: ^2.0.0
102 silly fetch manifest tslib@^2.8.0
103 silly packumentCache full:https://registry.npmjs.org/tslib cache-miss
104 silly fetch manifest base64-js@^1.1.2
105 silly packumentCache full:https://registry.npmjs.org/base64-js cache-miss
106 silly fetch manifest base64-js@^1.3.0
107 silly packumentCache full:https://registry.npmjs.org/base64-js cache-miss
108 silly fetch manifest pako@^0.2.5
109 silly packumentCache full:https://registry.npmjs.org/pako cache-miss
110 http cache https://registry.npmjs.org/base64-js 22ms (cache hit)
111 silly packumentCache full:https://registry.npmjs.org/base64-js set size:41270 disposed:false
112 http cache https://registry.npmjs.org/base64-js 25ms (cache hit)
113 silly packumentCache full:https://registry.npmjs.org/base64-js set size:41270 disposed:false
114 silly packumentCache full:https://registry.npmjs.org/base64-js dispose
115 http fetch GET 200 https://registry.npmjs.org/tslib 47ms (cache miss)
116 silly packumentCache full:https://registry.npmjs.org/tslib set size:undefined disposed:false
117 http fetch GET 200 https://registry.npmjs.org/pako 51ms (cache miss)
118 silly packumentCache full:https://registry.npmjs.org/pako set size:undefined disposed:false
119 silly placeDep ROOT tslib@2.8.1 OK for: @swc/helpers@0.5.23 want: ^2.8.0
120 silly placeDep ROOT base64-js@1.5.1 OK for: brotli@1.3.3 want: ^1.1.2
121 silly placeDep node_modules/linebreak base64-js@0.0.8 OK for: linebreak@1.1.0 want: 0.0.8
122 silly placeDep ROOT pako@0.2.9 OK for: unicode-trie@2.0.0 want: ^0.2.5
123 silly reify moves {}
124 silly audit bulk request {
124 silly audit   '@babel/code-frame': [ '7.29.7' ],
124 silly audit   '@babel/compat-data': [ '7.29.7' ],
124 silly audit   '@babel/core': [ '7.29.7' ],
124 silly audit   '@babel/generator': [ '7.29.8' ],
124 silly audit   '@babel/helper-compilation-targets': [ '7.29.7' ],
124 silly audit   '@babel/helper-globals': [ '7.29.7' ],
124 silly audit   '@babel/helper-module-imports': [ '7.29.7' ],
124 silly audit   '@babel/helper-module-transforms': [ '7.29.7' ],
124 silly audit   '@babel/helper-plugin-utils': [ '7.29.7' ],
124 silly audit   '@babel/helper-string-parser': [ '7.29.7' ],
124 silly audit   '@babel/helper-validator-identifier': [ '7.29.7' ],
124 silly audit   '@babel/helper-validator-option': [ '7.29.7' ],
124 silly audit   '@babel/helpers': [ '7.29.7' ],
124 silly audit   '@babel/parser': [ '7.29.8' ],
124 silly audit   '@babel/plugin-transform-react-jsx-self': [ '7.29.7' ],
124 silly audit   '@babel/plugin-transform-react-jsx-source': [ '7.29.7' ],
124 silly audit   '@babel/template': [ '7.29.7' ],
124 silly audit   '@babel/traverse': [ '7.29.8' ],
124 silly audit   '@babel/types': [ '7.29.8' ],
124 silly audit   '@esbuild/aix-ppc64': [ '0.25.12' ],
124 silly audit   '@esbuild/android-arm': [ '0.25.12' ],
124 silly audit   '@esbuild/android-arm64': [ '0.25.12' ],
124 silly audit   '@esbuild/android-x64': [ '0.25.12' ],
124 silly audit   '@esbuild/darwin-arm64': [ '0.25.12' ],
124 silly audit   '@esbuild/darwin-x64': [ '0.25.12' ],
124 silly audit   '@esbuild/freebsd-arm64': [ '0.25.12' ],
124 silly audit   '@esbuild/freebsd-x64': [ '0.25.12' ],
124 silly audit   '@esbuild/linux-arm': [ '0.25.12' ],
124 silly audit   '@esbuild/linux-arm64': [ '0.25.12' ],
124 silly audit   '@esbuild/linux-ia32': [ '0.25.12' ],
124 silly audit   '@esbuild/linux-loong64': [ '0.25.12' ],
124 silly audit   '@esbuild/linux-mips64el': [ '0.25.12' ],
124 silly audit   '@esbuild/linux-ppc64': [ '0.25.12' ],
124 silly audit   '@esbuild/linux-riscv64': [ '0.25.12' ],
124 silly audit   '@esbuild/linux-s390x': [ '0.25.12' ],
124 silly audit   '@esbuild/linux-x64': [ '0.25.12' ],
124 silly audit   '@esbuild/netbsd-arm64': [ '0.25.12' ],
124 silly audit   '@esbuild/netbsd-x64': [ '0.25.12' ],
124 silly audit   '@esbuild/openbsd-arm64': [ '0.25.12' ],
124 silly audit   '@esbuild/openbsd-x64': [ '0.25.12' ],
124 silly audit   '@esbuild/openharmony-arm64': [ '0.25.12' ],
124 silly audit   '@esbuild/sunos-x64': [ '0.25.12' ],
124 silly audit   '@esbuild/win32-arm64': [ '0.25.12' ],
124 silly audit   '@esbuild/win32-ia32': [ '0.25.12' ],
124 silly audit   '@esbuild/win32-x64': [ '0.25.12' ],
124 silly audit   '@jridgewell/gen-mapping': [ '0.3.13' ],
124 silly audit   '@jridgewell/remapping': [ '2.3.5' ],
124 silly audit   '@jridgewell/resolve-uri': [ '3.1.2' ],
124 silly audit   '@jridgewell/sourcemap-codec': [ '1.6.0' ],
124 silly audit   '@jridgewell/trace-mapping': [ '0.3.31' ],
124 silly audit   '@mongodb-js/saslprep': [ '1.5.4' ],
124 silly audit   '@napi-rs/lzma-linux-x64-gnu': [ '1.5.1' ],
124 silly audit   '@rolldown/pluginutils': [ '1.0.0-beta.27' ],
124 silly audit   '@rollup/rollup-android-arm-eabi': [ '4.63.1' ],
124 silly audit   '@rollup/rollup-android-arm64': [ '4.63.1' ],
124 silly audit   '@rollup/rollup-darwin-arm64': [ '4.63.1' ],
124 silly audit   '@rollup/rollup-darwin-x64': [ '4.63.1' ],
124 silly audit   '@rollup/rollup-freebsd-arm64': [ '4.63.1' ],
124 silly audit   '@rollup/rollup-freebsd-x64': [ '4.63.1' ],
124 silly audit   '@rollup/rollup-linux-arm-gnueabihf': [ '4.63.1' ],
124 silly audit   '@rollup/rollup-linux-arm-musleabihf': [ '4.63.1' ],
124 silly audit   '@rollup/rollup-linux-arm64-gnu': [ '4.63.1' ],
124 silly audit   '@rollup/rollup-linux-arm64-musl': [ '4.63.1' ],
124 silly audit   '@rollup/rollup-linux-loong64-gnu': [ '4.63.1' ],
124 silly audit   '@rollup/rollup-linux-loong64-musl': [ '4.63.1' ],
124 silly audit   '@rollup/rollup-linux-ppc64-gnu': [ '4.63.1' ],
124 silly audit   '@rollup/rollup-linux-ppc64-musl': [ '4.63.1' ],
124 silly audit   '@rollup/rollup-linux-riscv64-gnu': [ '4.63.1' ],
124 silly audit   '@rollup/rollup-linux-riscv64-musl': [ '4.63.1' ],
124 silly audit   '@rollup/rollup-linux-s390x-gnu': [ '4.63.1' ],
124 silly audit   '@rollup/rollup-linux-x64-gnu': [ '4.63.1' ],
124 silly audit   '@rollup/rollup-linux-x64-musl': [ '4.63.1' ],
124 silly audit   '@rollup/rollup-openbsd-x64': [ '4.63.1' ],
124 silly audit   '@rollup/rollup-openharmony-arm64': [ '4.63.1' ],
124 silly audit   '@rollup/rollup-win32-arm64-msvc': [ '4.63.1' ],
124 silly audit   '@rollup/rollup-win32-ia32-msvc': [ '4.63.1' ],
124 silly audit   '@rollup/rollup-win32-x64-gnu': [ '4.63.1' ],
124 silly audit   '@rollup/rollup-win32-x64-msvc': [ '4.63.1' ],
124 silly audit   '@tailwindcss/node': [ '4.3.3' ],
124 silly audit   '@tailwindcss/oxide': [ '4.3.3' ],
124 silly audit   '@tailwindcss/oxide-android-arm64': [ '4.3.3' ],
124 silly audit   '@tailwindcss/oxide-darwin-arm64': [ '4.3.3' ],
124 silly audit   '@tailwindcss/oxide-darwin-x64': [ '4.3.3' ],
124 silly audit   '@tailwindcss/oxide-freebsd-x64': [ '4.3.3' ],
124 silly audit   '@tailwindcss/oxide-linux-arm-gnueabihf': [ '4.3.3' ],
124 silly audit   '@tailwindcss/oxide-linux-arm64-gnu': [ '4.3.3' ],
124 silly audit   '@tailwindcss/oxide-linux-arm64-musl': [ '4.3.3' ],
124 silly audit   '@tailwindcss/oxide-linux-x64-gnu': [ '4.3.3' ],
124 silly audit   '@tailwindcss/oxide-linux-x64-musl': [ '4.3.3' ],
124 silly audit   '@tailwindcss/oxide-wasm32-wasi': [ '4.3.3' ],
124 silly audit   '@tailwindcss/oxide-win32-arm64-msvc': [ '4.3.3' ],
124 silly audit   '@tailwindcss/oxide-win32-x64-msvc': [ '4.3.3' ],
124 silly audit   '@tailwindcss/vite': [ '4.3.3' ],
124 silly audit   '@types/babel__core': [ '7.20.5' ],
124 silly audit   '@types/babel__generator': [ '7.27.0' ],
124 silly audit   '@types/babel__template': [ '7.4.4' ],
124 silly audit   '@types/babel__traverse': [ '7.28.0' ],
124 silly audit   '@types/estree': [ '1.0.9' ],
124 silly audit   '@types/webidl-conversions': [ '7.0.3' ],
124 silly audit   '@types/whatwg-url': [ '13.0.0' ],
124 silly audit   '@vitejs/plugin-react': [ '4.7.0' ],
124 silly audit   accepts: [ '2.0.0' ],
124 silly audit   'baseline-browser-mapping': [ '2.11.21' ],
124 silly audit   bcryptjs: [ '3.0.3' ],
124 silly audit   'body-parser': [ '2.3.0' ],
124 silly audit   'content-type': [ '2.1.0', '1.0.5' ],
124 silly audit   browserslist: [ '4.28.9' ],
124 silly audit   bson: [ '7.3.2' ],
124 silly audit   'buffer-equal-constant-time': [ '1.0.1' ],
124 silly audit   bytes: [ '3.1.2' ],
124 silly audit   'call-bind-apply-helpers': [ '1.0.2' ],
124 silly audit   'call-bound': [ '1.0.4' ],
124 silly audit   'caniuse-lite': [ '1.0.30001810' ],
124 silly audit   'content-disposition': [ '1.1.0' ],
124 silly audit   'convert-source-map': [ '2.0.0' ],
124 silly audit   cookie: [ '1.1.1', '0.7.2' ],
124 silly audit   'cookie-signature': [ '1.2.2' ],
124 silly audit   cors: [ '2.8.6' ],
124 silly audit   debug: [ '4.4.3' ],
124 silly audit   depd: [ '2.0.0' ],
124 silly audit   'detect-libc': [ '2.1.2' ],
124 silly audit   dotenv: [ '17.4.2' ],
124 silly audit   'dunder-proto': [ '1.0.1' ],
124 silly audit   'ecdsa-sig-formatter': [ '1.0.11' ],
124 silly audit   'ee-first': [ '1.1.1' ],
124 silly audit   'electron-to-chromium': [ '1.5.423' ],
124 silly audit   encodeurl: [ '2.0.0' ],
124 silly audit   'enhanced-resolve': [ '5.24.5' ],
124 silly audit   'es-define-property': [ '1.0.1' ],
124 silly audit   'es-errors': [ '1.3.0' ],
124 silly audit   'es-object-atoms': [ '1.1.2' ],
124 silly audit   esbuild: [ '0.25.12' ],
124 silly audit   escalade: [ '3.2.0' ],
124 silly audit   'escape-html': [ '1.0.3' ],
124 silly audit   etag: [ '1.8.1' ],
124 silly audit   express: [ '5.2.1' ],
124 silly audit   fdir: [ '6.5.0' ],
124 silly audit   finalhandler: [ '2.1.1' ],
124 silly audit   forwarded: [ '0.2.0' ],
124 silly audit   fresh: [ '2.0.0' ],
124 silly audit   fsevents: [ '2.3.3' ],
124 silly audit   'function-bind': [ '1.1.2' ],
124 silly audit   gensync: [ '1.0.0-beta.2' ],
124 silly audit   'get-intrinsic': [ '1.3.0' ],
124 silly audit   'get-proto': [ '1.0.1' ],
124 silly audit   gopd: [ '1.2.0' ],
124 silly audit   'graceful-fs': [ '4.2.11' ],
124 silly audit   'has-symbols': [ '1.1.0' ],
124 silly audit   hasown: [ '2.0.4' ],
124 silly audit   'http-errors': [ '2.0.1' ],
124 silly audit   'iconv-lite': [ '0.7.3' ],
124 silly audit   inherits: [ '2.0.4' ],
124 silly audit   'ipaddr.js': [ '1.9.1' ],
124 silly audit   'is-promise': [ '4.0.0' ],
124 silly audit   jiti: [ '2.7.0' ],
124 silly audit   'js-tokens': [ '4.0.0' ],
124 silly audit   jsesc: [ '3.1.0' ],
124 silly audit   json5: [ '2.2.3' ],
124 silly audit   jsonwebtoken: [ '9.0.3' ],
124 silly audit   semver: [ '7.8.5', '6.3.1' ],
124 silly audit   jwa: [ '2.0.1' ],
124 silly audit   jws: [ '4.0.1' ],
124 silly audit   lightningcss: [ '1.32.0' ],
124 silly audit   'lightningcss-android-arm64': [ '1.32.0' ],
124 silly audit   'lightningcss-darwin-arm64': [ '1.32.0' ],
124 silly audit   'lightningcss-darwin-x64': [ '1.32.0' ],
124 silly audit   'lightningcss-freebsd-x64': [ '1.32.0' ],
124 silly audit   'lightningcss-linux-arm-gnueabihf': [ '1.32.0' ],
124 silly audit   'lightningcss-linux-arm64-gnu': [ '1.32.0' ],
124 silly audit   'lightningcss-linux-arm64-musl': [ '1.32.0' ],
124 silly audit   'lightningcss-linux-x64-gnu': [ '1.32.0' ],
124 silly audit   'lightningcss-linux-x64-musl': [ '1.32.0' ],
124 silly audit   'lightningcss-win32-arm64-msvc': [ '1.32.0' ],
124 silly audit   'lightningcss-win32-x64-msvc': [ '1.32.0' ],
124 silly audit   'lodash.includes': [ '4.3.0' ],
124 silly audit   'lodash.isboolean': [ '3.0.3' ],
124 silly audit   'lodash.isinteger': [ '4.0.4' ],
124 silly audit   'lodash.isnumber': [ '3.0.3' ],
124 silly audit   'lodash.isplainobject': [ '4.0.6' ],
124 silly audit   'lodash.isstring': [ '4.0.1' ],
124 silly audit   'lodash.once': [ '4.1.1' ],
124 silly audit   'loose-envify': [ '1.4.0' ],
124 silly audit   'lru-cache': [ '5.1.1' ],
124 silly audit   'lucide-react': [ '0.468.0' ],
124 silly audit   'magic-string': [ '0.30.21' ],
124 silly audit   'math-intrinsics': [ '1.1.0' ],
124 silly audit   'media-typer': [ '1.1.1' ],
124 silly audit   'memory-pager': [ '1.5.0' ],
124 silly audit   'merge-descriptors': [ '2.0.0' ],
124 silly audit   'mime-db': [ '1.54.0' ],
124 silly audit   'mime-types': [ '3.0.2' ],
124 silly audit   mongodb: [ '7.6.0' ],
124 silly audit   'mongodb-connection-string-url': [ '7.0.2' ],
124 silly audit   ms: [ '2.1.3' ],
124 silly audit   nanoid: [ '3.3.18' ],
124 silly audit   negotiator: [ '1.1.0' ],
124 silly audit   'node-releases': [ '2.0.54' ],
124 silly audit   'object-assign': [ '4.1.1' ],
124 silly audit   'object-inspect': [ '1.13.4' ],
124 silly audit   'on-finished': [ '2.4.1' ],
124 silly audit   once: [ '1.4.0' ],
124 silly audit   parseurl: [ '1.3.3' ],
124 silly audit   'path-to-regexp': [ '8.4.2' ],
124 silly audit   pg: [ '8.23.0' ],
124 silly audit   'pg-cloudflare': [ '1.4.0' ],
124 silly audit   'pg-connection-string': [ '2.14.0' ],
124 silly audit   'pg-int8': [ '1.0.1' ],
124 silly audit   'pg-pool': [ '3.14.0' ],
124 silly audit   'pg-protocol': [ '1.16.0' ],
124 silly audit   'pg-types': [ '2.2.0' ],
124 silly audit   pgpass: [ '1.0.5' ],
124 silly audit   picocolors: [ '1.1.1' ],
124 silly audit   picomatch: [ '4.0.7' ],
124 silly audit   postcss: [ '8.5.28' ],
124 silly audit   'postgres-array': [ '2.0.0' ],
124 silly audit   'postgres-bytea': [ '1.0.1' ],
124 silly audit   'postgres-date': [ '1.0.7' ],
124 silly audit   'postgres-interval': [ '1.2.0' ],
124 silly audit   'proxy-addr': [ '2.0.7' ],
124 silly audit   punycode: [ '2.3.1' ],
124 silly audit   qs: [ '6.16.0' ],
124 silly audit   'range-parser': [ '1.3.0' ],
124 silly audit   'raw-body': [ '3.0.2' ],
124 silly audit   react: [ '18.3.1' ],
124 silly audit   'react-dom': [ '18.3.1' ],
124 silly audit   'react-refresh': [ '0.17.0' ],
124 silly audit   'react-router': [ '7.18.3' ],
124 silly audit   'react-router-dom': [ '7.18.3' ],
124 silly audit   rollup: [ '4.63.1' ],
124 silly audit   router: [ '2.2.0' ],
124 silly audit   'safe-buffer': [ '5.2.1' ],
124 silly audit   'safer-buffer': [ '2.1.2' ],
124 silly audit   scheduler: [ '0.23.2' ],
124 silly audit   send: [ '1.2.1' ],
124 silly audit   'serve-static': [ '2.2.1' ],
124 silly audit   'set-cookie-parser': [ '2.7.2' ],
124 silly audit   setprototypeof: [ '1.2.0' ],
124 silly audit   'side-channel': [ '1.1.1' ],
124 silly audit   'side-channel-list': [ '1.0.1' ],
124 silly audit   'side-channel-map': [ '1.0.1' ],
124 silly audit   'side-channel-weakmap': [ '1.0.2' ],
124 silly audit   'source-map-js': [ '1.2.1' ],
124 silly audit   'sparse-bitfield': [ '3.0.3' ],
124 silly audit   split2: [ '4.2.0' ],
124 silly audit   statuses: [ '2.0.2' ],
124 silly audit   tailwindcss: [ '4.3.3' ],
124 silly audit   tapable: [ '2.3.3' ],
124 silly audit   tinyglobby: [ '0.2.17' ],
124 silly audit   toidentifier: [ '1.0.1' ],
124 silly audit   tr46: [ '5.1.1' ],
124 silly audit   'type-is': [ '2.1.0' ],
124 silly audit   unpipe: [ '1.0.0' ],
124 silly audit   'update-browserslist-db': [ '1.3.2' ],
124 silly audit   uuid: [ '14.0.2' ],
124 silly audit   vary: [ '1.1.2' ],
124 silly audit   vite: [ '6.4.3' ],
124 silly audit   'webidl-conversions': [ '7.0.0' ],
124 silly audit   'whatwg-url': [ '14.2.0' ],
124 silly audit   wrappy: [ '1.0.2' ],
124 silly audit   xtend: [ '4.0.2' ],
124 silly audit   yallist: [ '3.1.1' ],
124 silly audit   pdfkit: [ '0.20.2' ],
124 silly audit   '@noble/ciphers': [ '1.3.0' ],
124 silly audit   '@noble/hashes': [ '1.8.0' ],
124 silly audit   fflate: [ '0.8.3' ],
124 silly audit   fontkit: [ '2.0.4' ],
124 silly audit   linebreak: [ '1.1.0' ],
124 silly audit   'png-js': [ '2.0.0' ],
124 silly audit   '@swc/helpers': [ '0.5.23' ],
124 silly audit   brotli: [ '1.3.3' ],
124 silly audit   clone: [ '2.1.2' ],
124 silly audit   dfa: [ '1.2.0' ],
124 silly audit   'fast-deep-equal': [ '3.1.3' ],
124 silly audit   restructure: [ '3.0.2' ],
124 silly audit   'tiny-inflate': [ '1.0.3' ],
124 silly audit   'unicode-properties': [ '1.4.1' ],
124 silly audit   'unicode-trie': [ '2.0.0' ],
124 silly audit   tslib: [ '2.8.1' ],
124 silly audit   'base64-js': [ '1.5.1', '0.0.8' ],
124 silly audit   pako: [ '0.2.9' ]
124 silly audit }
125 http cache pako@https://registry.npmjs.org/pako/-/pako-0.2.9.tgz 0ms (cache hit)
126 http cache base64-js@https://registry.npmjs.org/base64-js/-/base64-js-1.5.1.tgz 0ms (cache hit)
127 http cache unicode-properties@https://registry.npmjs.org/unicode-properties/-/unicode-properties-1.4.1.tgz 0ms (cache hit)
128 http cache tiny-inflate@https://registry.npmjs.org/tiny-inflate/-/tiny-inflate-1.0.3.tgz 0ms (cache hit)
129 http cache tslib@https://registry.npmjs.org/tslib/-/tslib-2.8.1.tgz 0ms (cache hit)
130 http cache restructure@https://registry.npmjs.org/restructure/-/restructure-3.0.2.tgz 0ms (cache hit)
131 http cache dfa@https://registry.npmjs.org/dfa/-/dfa-1.2.0.tgz 0ms (cache hit)
132 http cache clone@https://registry.npmjs.org/clone/-/clone-2.1.2.tgz 0ms (cache hit)
133 http cache fast-deep-equal@https://registry.npmjs.org/fast-deep-equal/-/fast-deep-equal-3.1.3.tgz 0ms (cache hit)
134 http cache @swc/helpers@https://registry.npmjs.org/@swc/helpers/-/helpers-0.5.23.tgz 0ms (cache hit)
135 http cache unicode-trie@https://registry.npmjs.org/unicode-trie/-/unicode-trie-2.0.0.tgz 0ms (cache hit)
136 http cache brotli@https://registry.npmjs.org/brotli/-/brotli-1.3.3.tgz 0ms (cache hit)
137 http cache png-js@https://registry.npmjs.org/png-js/-/png-js-2.0.0.tgz 0ms (cache hit)
138 http cache linebreak@https://registry.npmjs.org/linebreak/-/linebreak-1.1.0.tgz 1ms (cache hit)
139 http cache @noble/hashes@https://registry.npmjs.org/@noble/hashes/-/hashes-1.8.0.tgz 0ms (cache hit)
140 http cache @noble/ciphers@https://registry.npmjs.org/@noble/ciphers/-/ciphers-1.3.0.tgz 0ms (cache hit)
141 http cache fflate@https://registry.npmjs.org/fflate/-/fflate-0.8.3.tgz 0ms (cache hit)
142 http cache fontkit@https://registry.npmjs.org/fontkit/-/fontkit-2.0.4.tgz 0ms (cache hit)
143 http cache base64-js@https://registry.npmjs.org/base64-js/-/base64-js-0.0.8.tgz 0ms (cache hit)
144 silly tarball no local data for pako@https://registry.npmjs.org/pako/-/pako-0.2.9.tgz. Extracting by manifest.
145 silly tarball no local data for base64-js@https://registry.npmjs.org/base64-js/-/base64-js-1.5.1.tgz. Extracting by manifest.
146 silly tarball no local data for unicode-properties@https://registry.npmjs.org/unicode-properties/-/unicode-properties-1.4.1.tgz. Extracting by manifest.
147 silly tarball no local data for tiny-inflate@https://registry.npmjs.org/tiny-inflate/-/tiny-inflate-1.0.3.tgz. Extracting by manifest.
148 silly tarball no local data for tslib@https://registry.npmjs.org/tslib/-/tslib-2.8.1.tgz. Extracting by manifest.
149 silly tarball no local data for restructure@https://registry.npmjs.org/restructure/-/restructure-3.0.2.tgz. Extracting by manifest.
150 silly tarball no local data for dfa@https://registry.npmjs.org/dfa/-/dfa-1.2.0.tgz. Extracting by manifest.
151 silly tarball no local data for clone@https://registry.npmjs.org/clone/-/clone-2.1.2.tgz. Extracting by manifest.
152 silly tarball no local data for fast-deep-equal@https://registry.npmjs.org/fast-deep-equal/-/fast-deep-equal-3.1.3.tgz. Extracting by manifest.
153 silly tarball no local data for @swc/helpers@https://registry.npmjs.org/@swc/helpers/-/helpers-0.5.23.tgz. Extracting by manifest.
154 silly tarball no local data for unicode-trie@https://registry.npmjs.org/unicode-trie/-/unicode-trie-2.0.0.tgz. Extracting by manifest.
155 silly tarball no local data for brotli@https://registry.npmjs.org/brotli/-/brotli-1.3.3.tgz. Extracting by manifest.
156 silly tarball no local data for png-js@https://registry.npmjs.org/png-js/-/png-js-2.0.0.tgz. Extracting by manifest.
157 silly tarball no local data for linebreak@https://registry.npmjs.org/linebreak/-/linebreak-1.1.0.tgz. Extracting by manifest.
158 silly tarball no local data for @noble/hashes@https://registry.npmjs.org/@noble/hashes/-/hashes-1.8.0.tgz. Extracting by manifest.
159 silly tarball no local data for @noble/ciphers@https://registry.npmjs.org/@noble/ciphers/-/ciphers-1.3.0.tgz. Extracting by manifest.
160 http cache pdfkit@https://registry.npmjs.org/pdfkit/-/pdfkit-0.20.2.tgz 0ms (cache hit)
161 silly tarball no local data for fflate@https://registry.npmjs.org/fflate/-/fflate-0.8.3.tgz. Extracting by manifest.
162 silly tarball no local data for fontkit@https://registry.npmjs.org/fontkit/-/fontkit-2.0.4.tgz. Extracting by manifest.
163 silly tarball no local data for base64-js@https://registry.npmjs.org/base64-js/-/base64-js-0.0.8.tgz. Extracting by manifest.
164 silly tarball no local data for pdfkit@https://registry.npmjs.org/pdfkit/-/pdfkit-0.20.2.tgz. Extracting by manifest.
165 http fetch GET 200 https://registry.npmjs.org/base64-js/-/base64-js-1.5.1.tgz 231ms (cache miss)
166 http fetch GET 200 https://registry.npmjs.org/clone/-/clone-2.1.2.tgz 233ms (cache miss)
167 http fetch GET 200 https://registry.npmjs.org/base64-js/-/base64-js-0.0.8.tgz 251ms (cache miss)
168 http fetch POST 200 https://registry.npmjs.org/-/npm/v1/security/advisories/bulk 316ms
169 silly audit report {}
170 http fetch GET 200 https://registry.npmjs.org/tiny-inflate/-/tiny-inflate-1.0.3.tgz 292ms (cache miss)
171 http fetch GET 200 https://registry.npmjs.org/fast-deep-equal/-/fast-deep-equal-3.1.3.tgz 294ms (cache miss)
172 http fetch GET 200 https://registry.npmjs.org/unicode-trie/-/unicode-trie-2.0.0.tgz 294ms (cache miss)
173 http fetch GET 200 https://registry.npmjs.org/unicode-properties/-/unicode-properties-1.4.1.tgz 311ms (cache miss)
174 http fetch GET 200 https://registry.npmjs.org/dfa/-/dfa-1.2.0.tgz 309ms (cache miss)
175 http fetch GET 200 https://registry.npmjs.org/png-js/-/png-js-2.0.0.tgz 308ms (cache miss)
176 http fetch GET 200 https://registry.npmjs.org/tslib/-/tslib-2.8.1.tgz 343ms (cache miss)
177 http fetch GET 200 https://registry.npmjs.org/linebreak/-/linebreak-1.1.0.tgz 372ms (cache miss)
178 http fetch GET 200 https://registry.npmjs.org/fflate/-/fflate-0.8.3.tgz 434ms (cache miss)
179 http fetch GET 200 https://registry.npmjs.org/pako/-/pako-0.2.9.tgz 505ms (cache miss)
180 http fetch GET 200 https://registry.npmjs.org/restructure/-/restructure-3.0.2.tgz 500ms (cache miss)
181 http fetch GET 200 https://registry.npmjs.org/brotli/-/brotli-1.3.3.tgz 496ms (cache miss)
182 http fetch GET 200 https://registry.npmjs.org/@noble/ciphers/-/ciphers-1.3.0.tgz 803ms (cache miss)
183 http fetch GET 200 https://registry.npmjs.org/pdfkit/-/pdfkit-0.20.2.tgz 856ms (cache miss)
184 http fetch GET 200 https://registry.npmjs.org/fontkit/-/fontkit-2.0.4.tgz 975ms (cache miss)
185 http fetch GET 200 https://registry.npmjs.org/@noble/hashes/-/hashes-1.8.0.tgz 1025ms (cache miss)
186 http fetch GET 200 https://registry.npmjs.org/@swc/helpers/-/helpers-0.5.23.tgz 1408ms (cache miss)
187 silly ADD node_modules/pako
188 silly ADD node_modules/base64-js
189 silly ADD node_modules/tslib
190 silly ADD node_modules/unicode-trie
191 silly ADD node_modules/unicode-properties
192 silly ADD node_modules/tiny-inflate
193 silly ADD node_modules/restructure
194 silly ADD node_modules/fast-deep-equal
195 silly ADD node_modules/dfa
196 silly ADD node_modules/clone
197 silly ADD node_modules/brotli
198 silly ADD node_modules/@swc/helpers
199 silly ADD node_modules/png-js
200 silly ADD node_modules/linebreak
201 silly ADD node_modules/linebreak/node_modules/base64-js
202 silly ADD node_modules/fontkit
203 silly ADD node_modules/fflate
204 silly ADD node_modules/@noble/hashes
205 silly ADD node_modules/@noble/ciphers
206 silly ADD node_modules/pdfkit
207 warn install-scripts 1 package has install scripts not yet covered by allowScripts:
207 warn install-scripts   esbuild@0.25.12 (postinstall: node install.js)
207 warn install-scripts
207 warn install-scripts Run `npm install-scripts ls` to review, or `npm install-scripts approve <pkg>` to allow.
208 verbose cwd C:\Users\adity\Downloads\SIH2k6-projectpulse-portable
209 verbose os Windows_NT 10.0.26200
210 verbose node v24.20.0
211 verbose npm  v11.19.0
212 verbose exit 0
213 info ok
